Copyright
HTMLparser.c
HTMLtree.c
INSTALL
NEWS
README.libxml2.md
SAX.c
SAX2.c
buf.c
c14n.c
catalog.c
chvalid.c
debugXML.c
dict.c
encoding.c
entities.c
error.c
globals.c
hash.c
include/libxml/HTMLparser.h
include/libxml/HTMLtree.h
include/libxml/SAX.h
include/libxml/SAX2.h
include/libxml/c14n.h
include/libxml/catalog.h
include/libxml/chvalid.h
include/libxml/debugXML.h
include/libxml/dict.h
include/libxml/encoding.h
include/libxml/entities.h
include/libxml/globals.h
include/libxml/hash.h
include/libxml/list.h
include/libxml/nanoftp.h
include/libxml/nanohttp.h
include/libxml/parser.h
include/libxml/parserInternals.h
include/libxml/pattern.h
include/libxml/relaxng.h
include/libxml/schemasInternals.h
include/libxml/schematron.h
include/libxml/threads.h
include/libxml/tree.h
include/libxml/uri.h
include/libxml/valid.h
include/libxml/xinclude.h
include/libxml/xlink.h
include/libxml/xmlIO.h
include/libxml/xmlautomata.h
include/libxml/xmlerror.h
include/libxml/xmlexports.h
include/libxml/xmlmemory.h
include/libxml/xmlmodule.h
include/libxml/xmlreader.h
include/libxml/xmlregexp.h
include/libxml/xmlsave.h
include/libxml/xmlschemas.h
include/libxml/xmlschemastypes.h
include/libxml/xmlstring.h
include/libxml/xmlunicode.h
include/libxml/xmlwriter.h
include/libxml/xpath.h
include/libxml/xpathInternals.h
include/libxml/xpointer.h
include/private/buf.h
include/private/dict.h
include/private/enc.h
include/private/entities.h
include/private/error.h
include/private/globals.h
include/private/html.h
include/private/io.h
include/private/memory.h
include/private/parser.h
include/private/regexp.h
include/private/save.h
include/private/string.h
include/private/threads.h
include/private/tree.h
include/private/xinclude.h
include/private/xpath.h
include/private/xzlib.h
include/wsockcompat.h
legacy.c
libxml.h
list.c
nanoftp.c
nanohttp.c
parser.c
parserInternals.c
pattern.c
relaxng.c
runsuite.c
runtest.c
runxmlconf.c
schematron.c
testModule.c
testThreads.c
testapi.c
testchar.c
testdict.c
testdso.c
testlimits.c
testparser.c
testrecurse.c
threads.c
timsort.h
tree.c
trio.c
trio.h
triodef.h
trionan.c
trionan.h
triop.h
triostr.c
triostr.h
uri.c
valid.c
win32/config.h
win32/libxml2.rc
xinclude.c
xlink.c
xmlIO.c
xmlcatalog.c
xmllint.c
xmlmemory.c
xmlmodule.c
xmlreader.c
xmlregexp.c
xmlsave.c
xmlschemas.c
xmlschemastypes.c
xmlstring.c
xmlunicode.c
xmlwriter.c
xpath.c
xpointer.c
xzlib.c
